2026-09-04 16:50:20,094 - INFO | SpotifyAPI: Solicitando "Tracks"...
2026-09-04 16:50:20,104 - DEBUG | connectionpool: Starting new HTTPS connection (1): api.spotify.com:443
2026-09-04 16:50:20,636 - DEBUG | connectionpool: https://api.spotify.com:443 "GET /v1/tracks?ids=3i9lb6mvUzFcdrTA1oB103,0zqwz7SNny9fwqSDpIu4qN,5AhnPqydkYbZAp4NkyJ7ED,4VV6SMsYJ12uBi6o7X0hta,1ZHT4WSOuZPAl82T4nKWEN,3Dzso9Q2WwupEclqgxBZht,4HBZA5flZLE435QTztThqH,745VUhm32odbxJI2q1rUMv,4bh1aC4VSLSwoD8nCacQlx,5VMNUUiQ5FgS3wCTG8uy0F,76ayzutxFqBCiBEEDmtIUg,2bskkv8iBlw9KJwXtckZmp,7K5rZnp7C07SVotXqMaKFp,1KixkQVDUHggZMU9dUobgm,2gR4C52CnigFkewkQEup7r,1b0qrz3GCfvlpo05Dso8Re,4AIogRYTO2NQi304vXpNET,4Ls13Ag4SWnniiX4QLRltL,28urem2KpSOkljclEk8X8G,32pQF1v0ALnz8TXj33XzTD,2l7SUycMgoTUwJq0JqMe1s,7brQHA2CgQpcMBiOlfiXYb,7jWEgucKOoKvzrV9dV2E3Q,4PhzFZQnhPnaqXYLAB29MT,3ZffCQKLFLUvYM59XKLbVm,3QGsuHI8jO1Rx4JWLUh9jd,5RDUCbvwPZdmjFbhZ5EY4N,1RXoCep9hxApPfx8UFsGZk,6ju5Ntn5pYksvkKxVkjEPK,7zAt4tdL44D3VuzsvM0N8n,1T1P4aZxStasNK76EfyZcF,3gF8IZu75GhdYD4w7AFZi0,7DROtyR6IMNifyZmyksyE7,1Vy9Wn5sbiduZKBqBlH3Mc,3mggb9ShBvXJBXCY2RfCUs,0svBeQBw3K2u4uFg5B4QAT,29KPHi6A6NNzQo8DdYa1Za,2UREu1Y8CO4jXkbvqAtP7g,1jiegRk1i62WYyCcmmCSRB,6GxUy90dImrVibjG1k1sq8,1lcq5kIcGIAUPrhTH73RSt,5072hCBK3Z15qRnTEzd8fy,3rgTS3933lMWoPiN6CW4qY,2tpWsVSb9UEmDRxAl1zhX1,7cyGxmLnHWlwt41cr2RZzG,0yfrIZmkRV80l28gDcz8nU,7rLegaz7zKB6EtDNzcslKE,0wXEohIdexKOuHDCXhydkM,4v7DCN09hgXkKazefkznDQ,7LRIFDoKVHTUDKpgZXoEMd HTTP/1.1" 401 94
2026-09-04 16:50:20,638 - WARNING | SpotifyAPI: Token expirado
2026-09-04 16:50:20,638 - INFO | SpotifyAPI: Gerando novo Token de acesso...
2026-09-04 16:50:20,640 - DEBUG | connectionpool: Starting new HTTPS connection (1): accounts.spotify.com:443
2026-09-04 16:50:21,181 - DEBUG | connectionpool: https://accounts.spotify.com:443 "POST /api/token HTTP/1.1" 400 None
2026-09-04 16:50:21,185 - ERROR | SpotifyAPI: 
----------------------------------------------------------------------------------------------------
400 - Bad Request
----------------------------------------------------------------------------------------------------
2026-09-04 17:13:36,237 - INFO | SpotifyAPI: Solicitando "Tracks"...
2026-09-04 17:13:36,246 - DEBUG | connectionpool: Starting new HTTPS connection (1): api.spotify.com:443
2026-09-04 17:13:36,654 - DEBUG | connectionpool: https://api.spotify.com:443 "GET /v1/tracks?ids=3i9lb6mvUzFcdrTA1oB103,0zqwz7SNny9fwqSDpIu4qN,5AhnPqydkYbZAp4NkyJ7ED,4VV6SMsYJ12uBi6o7X0hta,1ZHT4WSOuZPAl82T4nKWEN,3Dzso9Q2WwupEclqgxBZht,4HBZA5flZLE435QTztThqH,745VUhm32odbxJI2q1rUMv,5VMNUUiQ5FgS3wCTG8uy0F,4bh1aC4VSLSwoD8nCacQlx,76ayzutxFqBCiBEEDmtIUg,2bskkv8iBlw9KJwXtckZmp,7K5rZnp7C07SVotXqMaKFp,1KixkQVDUHggZMU9dUobgm,2gR4C52CnigFkewkQEup7r,1b0qrz3GCfvlpo05Dso8Re,4AIogRYTO2NQi304vXpNET,4Ls13Ag4SWnniiX4QLRltL,28urem2KpSOkljclEk8X8G,32pQF1v0ALnz8TXj33XzTD,2l7SUycMgoTUwJq0JqMe1s,7brQHA2CgQpcMBiOlfiXYb,7jWEgucKOoKvzrV9dV2E3Q,4PhzFZQnhPnaqXYLAB29MT,3ZffCQKLFLUvYM59XKLbVm,3QGsuHI8jO1Rx4JWLUh9jd,5RDUCbvwPZdmjFbhZ5EY4N,1RXoCep9hxApPfx8UFsGZk,6ju5Ntn5pYksvkKxVkjEPK,7zAt4tdL44D3VuzsvM0N8n,1T1P4aZxStasNK76EfyZcF,3gF8IZu75GhdYD4w7AFZi0,1Vy9Wn5sbiduZKBqBlH3Mc,7DROtyR6IMNifyZmyksyE7,3mggb9ShBvXJBXCY2RfCUs,0svBeQBw3K2u4uFg5B4QAT,29KPHi6A6NNzQo8DdYa1Za,2UREu1Y8CO4jXkbvqAtP7g,1jiegRk1i62WYyCcmmCSRB,6GxUy90dImrVibjG1k1sq8,1lcq5kIcGIAUPrhTH73RSt,5072hCBK3Z15qRnTEzd8fy,3rgTS3933lMWoPiN6CW4qY,2tpWsVSb9UEmDRxAl1zhX1,7cyGxmLnHWlwt41cr2RZzG,0yfrIZmkRV80l28gDcz8nU,7rLegaz7zKB6EtDNzcslKE,0wXEohIdexKOuHDCXhydkM,4v7DCN09hgXkKazefkznDQ,7LRIFDoKVHTUDKpgZXoEMd HTTP/1.1" 401 94
2026-09-04 17:13:36,656 - WARNING | SpotifyAPI: Token expirado
2026-09-04 17:13:36,656 - INFO | SpotifyAPI: Gerando novo Token de acesso...
2026-09-04 17:13:36,658 - DEBUG | connectionpool: Starting new HTTPS connection (1): accounts.spotify.com:443
2026-09-04 17:13:37,074 - DEBUG | connectionpool: https://accounts.spotify.com:443 "POST /api/token HTTP/1.1" 200 None
2026-09-04 17:13:37,079 - INFO | SpotifyAPI: Token gerado com sucesso
2026-09-04 17:13:37,079 - INFO | SpotifyAPI: Solicitando "Tracks"...
2026-09-04 17:13:37,082 - DEBUG | connectionpool: Starting new HTTPS connection (1): api.spotify.com:443
2026-09-04 17:13:37,811 - DEBUG | connectionpool: https://api.spotify.com:443 "GET /v1/tracks?ids=3i9lb6mvUzFcdrTA1oB103,0zqwz7SNny9fwqSDpIu4qN,5AhnPqydkYbZAp4NkyJ7ED,4VV6SMsYJ12uBi6o7X0hta,1ZHT4WSOuZPAl82T4nKWEN,3Dzso9Q2WwupEclqgxBZht,4HBZA5flZLE435QTztThqH,745VUhm32odbxJI2q1rUMv,5VMNUUiQ5FgS3wCTG8uy0F,4bh1aC4VSLSwoD8nCacQlx,76ayzutxFqBCiBEEDmtIUg,2bskkv8iBlw9KJwXtckZmp,7K5rZnp7C07SVotXqMaKFp,1KixkQVDUHggZMU9dUobgm,2gR4C52CnigFkewkQEup7r,1b0qrz3GCfvlpo05Dso8Re,4AIogRYTO2NQi304vXpNET,4Ls13Ag4SWnniiX4QLRltL,28urem2KpSOkljclEk8X8G,32pQF1v0ALnz8TXj33XzTD,2l7SUycMgoTUwJq0JqMe1s,7brQHA2CgQpcMBiOlfiXYb,7jWEgucKOoKvzrV9dV2E3Q,4PhzFZQnhPnaqXYLAB29MT,3ZffCQKLFLUvYM59XKLbVm,3QGsuHI8jO1Rx4JWLUh9jd,5RDUCbvwPZdmjFbhZ5EY4N,1RXoCep9hxApPfx8UFsGZk,6ju5Ntn5pYksvkKxVkjEPK,7zAt4tdL44D3VuzsvM0N8n,1T1P4aZxStasNK76EfyZcF,3gF8IZu75GhdYD4w7AFZi0,1Vy9Wn5sbiduZKBqBlH3Mc,7DROtyR6IMNifyZmyksyE7,3mggb9ShBvXJBXCY2RfCUs,0svBeQBw3K2u4uFg5B4QAT,29KPHi6A6NNzQo8DdYa1Za,2UREu1Y8CO4jXkbvqAtP7g,1jiegRk1i62WYyCcmmCSRB,6GxUy90dImrVibjG1k1sq8,1lcq5kIcGIAUPrhTH73RSt,5072hCBK3Z15qRnTEzd8fy,3rgTS3933lMWoPiN6CW4qY,2tpWsVSb9UEmDRxAl1zhX1,7cyGxmLnHWlwt41cr2RZzG,0yfrIZmkRV80l28gDcz8nU,7rLegaz7zKB6EtDNzcslKE,0wXEohIdexKOuHDCXhydkM,4v7DCN09hgXkKazefkznDQ,7LRIFDoKVHTUDKpgZXoEMd HTTP/1.1" 200 14720
2026-09-04 17:13:37,818 - INFO | SpotifyAPI: Sucesso na solicitação
2026-09-04 17:17:00,851 - INFO | SpotifyAPI: Solicitando "Tracks"...
2026-09-04 17:17:01,265 - WARNING | SpotifyAPI: Token expirado
2026-09-04 17:17:01,265 - INFO | SpotifyAPI: Gerando novo Token de acesso...
2026-09-04 17:17:01,695 - INFO | SpotifyAPI: Token gerado com sucesso
2026-09-04 17:17:01,695 - INFO | SpotifyAPI: Solicitando "Tracks"...
2026-09-04 17:17:02,312 - INFO | SpotifyAPI: Sucesso na solicitação
2026-09-04 17:18:13,501 - INFO | SpotifyAPI: Solicitando "Tracks"...
2026-09-04 17:18:13,928 - WARNING | SpotifyAPI: Token expirado
2026-09-04 17:18:13,929 - INFO | SpotifyAPI: Gerando novo Token de acesso...
2026-09-04 17:18:14,359 - INFO | SpotifyAPI: Token gerado com sucesso
2026-09-04 17:18:14,359 - INFO | SpotifyAPI: Solicitando "Tracks"...
2026-09-04 17:18:15,056 - INFO | SpotifyAPI: Sucesso na solicitação
2026-09-04 17:20:09,144 - INFO | SpotifyAPI: Solicitando "Tracks"...
2026-09-04 17:20:09,588 - WARNING | SpotifyAPI: Token expirado
2026-09-04 17:20:09,588 - INFO | SpotifyAPI: Gerando novo Token de acesso...
2026-09-04 17:20:17,014 - INFO | SpotifyAPI: Token gerado com sucesso
2026-09-04 17:20:17,014 - INFO | SpotifyAPI: Solicitando "Tracks"...
2026-09-04 17:20:17,604 - INFO | SpotifyAPI: Sucesso na solicitação
2026-09-04 17:23:11,643 - INFO | SpotifyAPI: Solicitando "Tracks"...
2026-09-04 17:23:12,054 - WARNING | SpotifyAPI: Token expirado
2026-09-04 17:23:12,055 - INFO | SpotifyAPI: Gerando novo Token de acesso...
2026-09-04 17:23:12,461 - INFO | SpotifyAPI: Token gerado com sucesso
2026-09-04 17:23:12,461 - INFO | SpotifyAPI: Solicitando "Tracks"...
2026-09-04 17:23:13,104 - INFO | SpotifyAPI: Sucesso na solicitação
2026-09-04 17:29:16,933 - INFO | SpotifyAPI: Solicitando "Tracks"...
2026-09-04 17:29:17,342 - WARNING | SpotifyAPI: Token expirado
2026-09-04 17:29:17,342 - INFO | SpotifyAPI: Gerando novo Token de acesso...
2026-09-04 17:29:17,759 - INFO | SpotifyAPI: Token gerado com sucesso
2026-09-04 17:29:17,759 - INFO | SpotifyAPI: Solicitando "Tracks"...
2026-09-04 17:29:18,454 - INFO | SpotifyAPI: Sucesso na solicitação
2026-09-04 17:31:23,130 - INFO | SpotifyAPI: Solicitando "Tracks"...
2026-09-04 17:31:23,540 - WARNING | SpotifyAPI: Token expirado
2026-09-04 17:31:23,540 - INFO | SpotifyAPI: Gerando novo Token de acesso...
2026-09-04 17:31:23,958 - INFO | SpotifyAPI: Token gerado com sucesso
2026-09-04 17:31:23,958 - INFO | SpotifyAPI: Solicitando "Tracks"...
2026-09-04 17:31:24,585 - INFO | SpotifyAPI: Sucesso na solicitação
2026-09-04 17:32:32,855 - INFO | SpotifyAPI: Solicitando "Tracks"...
2026-09-04 17:32:33,267 - WARNING | SpotifyAPI: Token expirado
2026-09-04 17:32:33,267 - INFO | SpotifyAPI: Gerando novo Token de acesso...
2026-09-04 17:32:33,689 - INFO | SpotifyAPI: Token gerado com sucesso
2026-09-04 17:32:33,689 - INFO | SpotifyAPI: Solicitando "Tracks"...
2026-09-04 17:32:34,278 - INFO | SpotifyAPI: Sucesso na solicitação
2026-09-04 17:33:55,809 - INFO | SpotifyAPI: Solicitando "Tracks"...
2026-09-04 17:33:56,232 - WARNING | SpotifyAPI: Token expirado
2026-09-04 17:33:56,232 - INFO | SpotifyAPI: Gerando novo Token de acesso...
2026-09-04 17:33:56,772 - INFO | SpotifyAPI: Token gerado com sucesso
2026-09-04 17:33:56,772 - INFO | SpotifyAPI: Solicitando "Tracks"...
2026-09-04 17:33:57,393 - INFO | SpotifyAPI: Sucesso na solicitação
2026-09-04 17:38:10,189 - INFO | SpotifyAPI: Solicitando "Tracks"...
2026-09-04 17:38:10,599 - WARNING | SpotifyAPI: Token expirado
2026-09-04 17:38:10,599 - INFO | SpotifyAPI: Gerando novo Token de acesso...
2026-09-04 17:38:11,132 - INFO | SpotifyAPI: Token gerado com sucesso
2026-09-04 17:38:11,132 - INFO | SpotifyAPI: Solicitando "Tracks"...
2026-09-04 17:38:11,874 - INFO | SpotifyAPI: Sucesso na solicitação
2026-09-04 17:43:53,260 - INFO | SpotifyAPI: Solicitando "Tracks"...
2026-09-04 17:43:53,670 - WARNING | SpotifyAPI: Token expirado
2026-09-04 17:43:53,670 - INFO | SpotifyAPI: Gerando novo Token de acesso...
2026-09-04 17:43:54,075 - INFO | SpotifyAPI: Token gerado com sucesso
2026-09-04 17:43:54,075 - INFO | SpotifyAPI: Solicitando "Tracks"...
2026-09-04 17:43:54,814 - INFO | SpotifyAPI: Sucesso na solicitação
2026-09-04 17:44:24,986 - INFO | SpotifyAPI: Solicitando "Tracks"...
2026-09-04 17:44:25,391 - WARNING | SpotifyAPI: Token expirado
2026-09-04 17:44:25,392 - INFO | SpotifyAPI: Gerando novo Token de acesso...
2026-09-04 17:44:25,804 - INFO | SpotifyAPI: Token gerado com sucesso
2026-09-04 17:44:25,805 - INFO | SpotifyAPI: Solicitando "Tracks"...
2026-09-04 17:44:26,484 - INFO | SpotifyAPI: Sucesso na solicitação
2026-09-04 17:46:24,625 - INFO | SpotifyAPI: Solicitando "Tracks"...
2026-09-04 17:46:25,067 - WARNING | SpotifyAPI: Token expirado
2026-09-04 17:46:25,068 - INFO | SpotifyAPI: Gerando novo Token de acesso...
2026-09-04 17:46:25,505 - INFO | SpotifyAPI: Token gerado com sucesso
2026-09-04 17:46:25,505 - INFO | SpotifyAPI: Solicitando "Tracks"...
2026-09-04 17:46:26,103 - INFO | SpotifyAPI: Sucesso na solicitação
2026-09-04 17:47:24,050 - INFO | SpotifyAPI: Solicitando "Tracks"...
2026-09-04 17:47:24,461 - WARNING | SpotifyAPI: Token expirado
2026-09-04 17:47:24,461 - INFO | SpotifyAPI: Gerando novo Token de acesso...
2026-09-04 17:47:24,869 - INFO | SpotifyAPI: Token gerado com sucesso
2026-09-04 17:47:24,870 - INFO | SpotifyAPI: Solicitando "Tracks"...
2026-09-04 17:47:25,520 - INFO | SpotifyAPI: Sucesso na solicitação
2026-09-04 17:52:23,510 - INFO | SpotifyAPI: Solicitando "Tracks"...
2026-09-04 17:52:23,918 - WARNING | SpotifyAPI: Token expirado
2026-09-04 17:52:23,918 - INFO | SpotifyAPI: Gerando novo Token de acesso...
2026-09-04 17:52:24,331 - INFO | SpotifyAPI: Token gerado com sucesso
2026-09-04 17:52:24,331 - INFO | SpotifyAPI: Solicitando "Tracks"...
2026-09-04 17:52:25,094 - INFO | SpotifyAPI: Sucesso na solicitação
2026-09-04 17:53:14,450 - INFO | SpotifyAPI: Solicitando "Tracks"...
2026-09-04 17:53:14,869 - WARNING | SpotifyAPI: Token expirado
2026-09-04 17:53:14,869 - INFO | SpotifyAPI: Gerando novo Token de acesso...
2026-09-04 17:53:15,275 - INFO | SpotifyAPI: Token gerado com sucesso
2026-09-04 17:53:15,275 - INFO | SpotifyAPI: Solicitando "Tracks"...
2026-09-04 17:53:15,922 - INFO | SpotifyAPI: Sucesso na solicitação
2026-09-04 18:05:05,543 - INFO | SpotifyAPI: Solicitando "Tracks"...
2026-09-04 18:05:05,971 - WARNING | SpotifyAPI: Token expirado
2026-09-04 18:05:05,971 - INFO | SpotifyAPI: Gerando novo Token de acesso...
2026-09-04 18:05:06,406 - INFO | SpotifyAPI: Token gerado com sucesso
2026-09-04 18:05:06,407 - INFO | SpotifyAPI: Solicitando "Tracks"...
2026-09-04 18:05:07,093 - INFO | SpotifyAPI: Sucesso na solicitação
